---
source: src/main.rs
expression: "walk_directory2(&tmpdir.path().join(\"out\")).unwrap()"
snapshot_kind: text
---
- ""
- amalgamation
- amalgamation/sqlite-sample-0.0.1-amalgamation.tar.gz
- amalgamation/sqlite-sample-0.0.1-amalgamation.zip
- checksums.txt
- datasette
- datasette/datasette_sqlite_sample-0.0.1-py3-none-any.whl
- gem
- gem/sqlite-sample-0.0.1-arm64-darwin.gem
- gem/sqlite-sample-0.0.1-arm64-linux.gem
- gem/sqlite-sample-0.0.1-x86_64-darwin.gem
- gem/sqlite-sample-0.0.1-x86_64-linux.gem
- gem/sqlite-sample-0.0.1-x86_64-mingw32.gem
- github_releases
- github_releases/sqlite-sample-0.0.1-loadable-linux-aarch64.tar.gz
- github_releases/sqlite-sample-0.0.1-loadable-linux-x86_64.tar.gz
- github_releases/sqlite-sample-0.0.1-loadable-macos-aarch64.tar.gz
- github_releases/sqlite-sample-0.0.1-loadable-macos-x86_64.tar.gz
- github_releases/sqlite-sample-0.0.1-loadable-windows-x86_64.tar.gz
- github_releases/sqlite-sample-0.0.1-static-linux-aarch64.tar.gz
- github_releases/sqlite-sample-0.0.1-static-linux-x86_64.tar.gz
- github_releases/sqlite-sample-0.0.1-static-macos-aarch64.tar.gz
- github_releases/sqlite-sample-0.0.1-static-macos-x86_64.tar.gz
- github_releases/sqlite-sample-0.0.1-static-windows-x86_64.tar.gz
- install.sh
- npm
- npm/sqlite-sample-darwin-arm64.tar.gz
- npm/sqlite-sample-darwin-x64.tar.gz
- npm/sqlite-sample-linux-arm64.tar.gz
- npm/sqlite-sample-linux-x64.tar.gz
- npm/sqlite-sample-windows-x64.tar.gz
- npm/sqlite-sample.tar.gz
- pip
- pip/sqlite_sample-0.0.1-py3-none-macosx_10_6_x86_64.whl
- pip/sqlite_sample-0.0.1-py3-none-macosx_11_0_arm64.whl
- pip/sqlite_sample-0.0.1-py3-none-manylinux_2_17_aarch64.manylinux2014_aarch64.whl
- pip/sqlite_sample-0.0.1-py3-none-manylinux_2_17_x86_64.manylinux2014_x86_64.manylinux1_x86_64.whl
- pip/sqlite_sample-0.0.1-py3-none-win_amd64.whl
- spm
- spm/spm.json
- sqlite-dist-manifest.json
- sqlite_utils
- sqlite_utils/sqlite_utils_sqlite_sample-0.0.1-py3-none-any.whl
- sqlpkg
- sqlpkg/sqlpkg.json
